// Jest Snapshot v1, https://goo.gl/fbAQLP

exports[`Header renders correctly 1`] = `
<header>
  <div
    style={
      Object {
        "border": "5px solid black",
        "height": "2em",
        "left": "15px",
        "position": "absolute",
        "right": "15px",
        "top": "15px",
        "zIndex": -1,
      }
    }
  />
  <nav
    className="navbar navbar-expand-lg navbar-light navbar-custom"
  >
    <button
      aria-controls="navbarSupportedContent"
      aria-expanded="false"
      aria-label="Toggle navigation"
      className="navbar-toggler"
      data-target="#navbarSupportedContent"
      data-toggle="collapse"
      type="button"
    >
      <svg
        aria-hidden="true"
        className="svg-inline--fa fa-hamburger fa-w-16 "
        data-icon="hamburger"
        data-prefix="fas"
        focusable="false"
        role="img"
        style={Object {}}
        viewBox="0 0 512 512"
        xmlns="http://www.w3.org/2000/svg"
      >
        <path
          d="M464 256H48a48 48 0 0 0 0 96h416a48 48 0 0 0 0-96zm16 128H32a16 16 0 0 0-16 16v16a64 64 0 0 0 64 64h352a64 64 0 0 0 64-64v-16a16 16 0 0 0-16-16zM58.64 224h394.72c34.57 0 54.62-43.9 34.82-75.88C448 83.2 359.55 32.1 256 32c-103.54.1-192 51.2-232.18 116.11C4 180.09 24.07 224 58.64 224zM384 112a16 16 0 1 1-16 16 16 16 0 0 1 16-16zM256 80a16 16 0 1 1-16 16 16 16 0 0 1 16-16zm-128 32a16 16 0 1 1-16 16 16 16 0 0 1 16-16z"
          fill="currentColor"
          style={Object {}}
        />
      </svg>
    </button>
    <div
      className="navbar-nav row collapse navbar-collapse"
      id="navbarSupportedContent"
    >
      <div
        className="nav-item col-md-4 col-12"
      >
        <h3>
          <a
            className="nav-link"
            href="/adalida"
          >
            Adalida
          </a>
        </h3>
      </div>
      <div
        className="nav-item col-md-4 col-12"
      >
        <h3>
          <a
            className="nav-link"
            href="/us"
          >
            Helios
          </a>
        </h3>
      </div>
      <div
        className="nav-item col-md-4 col-12"
      >
        <h3>
          <a
            className="nav-link"
            href="/ricardo"
          >
            Ricardo
          </a>
        </h3>
      </div>
    </div>
  </nav>
</header>
`;
